2019-01-05 07:20:30,211:DEBUG:15
2019-01-05 07:20:30,211:DEBUG:5
2019-01-05 07:20:30,211:DEBUG:50
2019-01-05 07:20:30,211:DEBUG:2.0
